#-----------------------------------------------------------
# Vivado v2020.2 (64-bit)
# SW Build 3064766 on Wed Nov 18 09:12:47 MST 2020
# IP Build 3064653 on Wed Nov 18 14:17:31 MST 2020
# Start of session at: Fri Aug 23 20:54:36 2024
# Process ID: 288069
# Current directory: /home/trevin/Documents/Soc_Projects/zybo_excrises/zybo_exercise_2/zybo_exercise_2.runs/interput_processing_system7_0_0_synth_1
# Command line: vivado -log interput_processing_system7_0_0.vds -product Vivado -mode batch -messageDb vivado.pb -notrace -source interput_processing_system7_0_0.tcl
# Log file: /home/trevin/Documents/Soc_Projects/zybo_excrises/zybo_exercise_2/zybo_exercise_2.runs/interput_processing_system7_0_0_synth_1/interput_processing_system7_0_0.vds
# Journal file: /home/trevin/Documents/Soc_Projects/zybo_excrises/zybo_exercise_2/zybo_exercise_2.runs/interput_processing_system7_0_0_synth_1/vivado.jou
#-----------------------------------------------------------
source interput_processing_system7_0_0.tcl -notrace
