19:52:39 **** Build of configuration Debug for project zybo_2B_interrupt ****
make all 
make --no-print-directory pre-build
a9-linaro-pre-build-step
 
make --no-print-directory main-build
Building file: ../src/interrupt_counter_tut_2B.c
Invoking: ARM v7 gcc compiler
arm-none-eabi-gcc -Wall -O0 -g3 -c -fmessage-length=0 -MT"src/interrupt_counter_tut_2B.o" -mcpu=cortex-a9 -mfpu=vfpv3 -mfloat-abi=hard -I/home/trevin/workspace/zybo_2B_interrupt_pf/export/zybo_2B_interrupt_pf/sw/zybo_2B_interrupt_pf/standalone_ps7_cortexa9_0/bspinclude/include -MMD -MP -MF"src/interrupt_counter_tut_2B.d" -MT"src/interrupt_counter_tut_2B.o" -o "src/interrupt_counter_tut_2B.o" "../src/interrupt_counter_tut_2B.c"
Finished building: ../src/interrupt_counter_tut_2B.c
 
Building target: zybo_2B_interrupt.elf
Invoking: ARM v7 gcc linker
arm-none-eabi-gcc -mcpu=cortex-a9 -mfpu=vfpv3 -mfloat-abi=hard -Wl,-build-id=none -specs=Xilinx.spec -Wl,-T -Wl,../src/lscript.ld -L/home/trevin/workspace/zybo_2B_interrupt_pf/export/zybo_2B_interrupt_pf/sw/zybo_2B_interrupt_pf/standalone_ps7_cortexa9_0/bsplib/lib -o "zybo_2B_interrupt.elf" ./src/interrupt_counter_tut_2B.o   -Wl,--start-group,-lxil,-lgcc,-lc,--end-group
Finished building target: zybo_2B_interrupt.elf
 
Invoking: ARM v7 Print Size
arm-none-eabi-size zybo_2B_interrupt.elf  |tee "zybo_2B_interrupt.elf.size"
   text	   data	    bss	    dec	    hex	filename
  24784	   1952	  22632	  49368	   c0d8	zybo_2B_interrupt.elf
Finished building: zybo_2B_interrupt.elf.size
 

19:52:39 Build Finished (took 322ms)

